ka	か
ga	が
ki	き
kyi	きぃ
kye	きぇ
kya	きゃ
kyu	きゅ
kyo	きょ
gi	ぎ
gyi	ぎぃ
gye	ぎぇ
gya	ぎゃ
gyu	ぎゅ
gyo	ぎょ
ku	く
gu	ぐ
ke	け
ge	げ
ko	こ
go	ご
sa	さ
za	ざ
shi	し
si	し
syi	しぃ
she	しぇ
sye	しぇ
sha	しゃ
sya	しゃ
shu	しゅ
syu	しゅ
sho	しょ
syo	しょ
ji	じ
zi	じ
zyi	じぃ
je	じぇ
zye	じぇ
ja	じゃ
zya	じゃ
ju	じゅ
zyu	じゅ
jo	じょ
zyo	じょ
su	す
zu	ず
se	せ
ze	ぜ
so	そ
zo	ぞ
ta	た
da	だ
chi	ち
ti	ち
tyi	ちぃ
che	ちぇ
tye	ちぇ
cha	ちゃ
tya	ちゃ
chu	ちゅ
tyu	ちゅ
cho	ちょ
tyo	ちょ
di	ぢ
dyi	ぢぃ
dye	ぢぇ
dya	ぢゃ
dyu	ぢゅ
dyo	ぢょ
q	っ
xtu	っ
tu	つ
tsa	つぁ
tsi	つぃ
tsu	つ
tse	つぇ
tso	つぉ
du	づ
dza	づぁ
dzi	づぃ
dzu	づ
dze	づぇ
dzo	づぉ
te	て
thi	てぃ
the	てぇ
tha	てゃ
thu	てゅ
tho	てょ
de	で
dhi	でぃ
dhe	でぇ
dha	でゃ
dhu	でゅ
dho	でょ
to	と
twa	とぁ
twi	とぃ
twu	とぅ
twe	とぇ
two	とぉ
do	ど
dwa	どぁ
dwi	どぃ
dwu	どぅ
dwe	どぇ
dwo	どぉ
na	な
ni	に
nyi	にぃ
nye	にぇ
nya	にゃ
nyu	にゅ
nyo	にょ
nu	ぬ
ne	ね
no	の
ha	は
ba	ば
pa	ぱ
hi	ひ
hyi	ひぃ
hye	ひぇ
hya	ひゃ
hyu	ひゅ
hyo	ひょ
bi	び
byi	びぃ
bye	びぇ
bya	びゃ
byu	びゅ
byo	びょ
pi	ぴ
pyi	ぴぃ
pye	ぴぇ
pya	ぴゃ
pyu	ぴゅ
pyo	ぴょ
fu	ふ
hu	ふ
fa	ふぁ
fi	ふぃ
fe	ふぇ
fo	ふぉ
bu	ぶ
pu	ぷ
he	へ
be	べ
pe	ぺ
ho	ほ
bo	ぼ
po	ぽ
ma	ま
mi	み
myi	みぃ
mye	みぇ
mya	みゃ
myu	みゅ
myo	みょ
mu	む
me	め
mo	も
xya	ゃ
ya	や
xyi	ぃぃ
yi	いぃ
xyu	ゅ
yu	ゆ
xye	ぃぇ
ye	いぇ
xyo	ょ
yo	よ
ra	ら
ri	り
ryi	りぃ
rye	りぇ
rya	りゃ
ryu	りゅ
ryo	りょ
ru	る
re	れ
ro	ろ
xwa	ゎ
wa	わ
wi	ゐ
we	ゑ
wo	を
l	ん
nn	ん
xn	ん
vu	ゔ
va	ゔぁ
vi	ゔぃ
ve	ゔぇ
vo	ゔぉ
xka	ゕ
xke	ゖ
,	、
-	ー
.	。
/	／
[	「
\	￥
]	」
z1	○
z!	●
z2	▽
z@	▼
z3	△
z#	▲
z4	□
z$	■
z5	◇
z%	◆
z6	☆
z^	★
z7	◎
z&	£
z8	¢
z*	×
z9	♂
z(	【
z0	♀
z)	】
z-	〜
z_	∴
z=	≠
z+	±
z\	＼
z|	‖
z`	´
z~	¨
zq	《
zQ	〈
zw	》
zW	〉
zr	々
zR	仝
zt	〆
zT	§
zp	〒
zP	↑
z[	『
z{	〔
z]	』
z}	〕
zs	ヽ
zS	ヾ
zd	ゝ
zD	ゞ
zf	〃
zF	→
zg	‐
zG	—
zh	←
zj	↓
zk	↑
zl	→
z;	゛
z:	゜
z'	‘
z"	“
zx	:-
zX	:-)
zc	〇
zC	℃
zv	※
zV	÷
zb	°
zB	←
zn	′
zN	↓
zm	″
zM	〓
z,	‥
z<	≦
z.	…
z>	≧
z/	・
z?	∞
xa	ぁ
a	あ
xi	ぃ
i	い
xu	ぅ
u	う
whu	う
wha	うぁ
whi	うぃ
whe	うぇ
who	うぉ
xe	ぇ
e	え
xo	ぉ
o	お
kka	っか
gga	っが
kki	っき
kkyi	っきぃ
kkye	っきぇ
kkya	っきゃ
kkyu	っきゅ
kkyo	っきょ
ggi	っぎ
ggyi	っぎぃ
ggye	っぎぇ
ggya	っぎゃ
ggyu	っぎゅ
ggyo	っぎょ
kku	っく
ggu	っぐ
kke	っけ
gge	っげ
kko	っこ
ggo	っご
ssa	っさ
zza	っざ
sshi	っし
ssi	っし
ssyi	っしぃ
sshe	っしぇ
ssye	っしぇ
ssha	っしゃ
ssya	っしゃ
sshu	っしゅ
ssyu	っしゅ
ssho	っしょ
ssyo	っしょ
jji	っじ
zzi	っじ
zzyi	っじぃ
jje	っじぇ
zzye	っじぇ
jja	っじゃ
zzya	っじゃ
jju	っじゅ
zzyu	っじゅ
jjo	っじょ
zzyo	っじょ
ssu	っす
zzu	っず
sse	っせ
zze	っぜ
sso	っそ
zzo	っぞ
tta	った
dda	っだ
cchi	っち
tti	っち
ttyi	っちぃ
cche	っちぇ
ttye	っちぇ
ccha	っちゃ
ttya	っちゃ
cchu	っちゅ
ttyu	っちゅ
ccho	っちょ
ttyo	っちょ
ddi	っぢ
ddyi	っぢぃ
ddye	っぢぇ
ddya	っぢゃ
ddyu	っぢゅ
ddyo	っぢょ
qq	っっ
xxtu	っっ
ttu	っつ
ttsa	っつぁ
ttsi	っつぃ
ttsu	っつ
ttse	っつぇ
ttso	っつぉ
ddu	っづ
ddza	っづぁ
ddzi	っづぃ
ddzu	っづ
ddze	っづぇ
ddzo	っづぉ
tte	って
tthi	ってぃ
tthe	ってぇ
ttha	ってゃ
tthu	ってゅ
ttho	ってょ
dde	っで
ddhi	っでぃ
ddhe	っでぇ
ddha	っでゃ
ddhu	っでゅ
ddho	っでょ
tto	っと
ttwa	っとぁ
ttwi	っとぃ
ttwu	っとぅ
ttwe	っとぇ
ttwo	っとぉ
ddo	っど
ddwa	っどぁ
ddwi	っどぃ
ddwu	っどぅ
ddwe	っどぇ
ddwo	っどぉ
hha	っは
bba	っば
ppa	っぱ
hhi	っひ
hhyi	っひぃ
hhye	っひぇ
hhya	っひゃ
hhyu	っひゅ
hhyo	っひょ
bbi	っび
bbyi	っびぃ
bbye	っびぇ
bbya	っびゃ
bbyu	っびゅ
bbyo	っびょ
ppi	っぴ
ppyi	っぴぃ
ppye	っぴぇ
ppya	っぴゃ
ppyu	っぴゅ
ppyo	っぴょ
ffu	っふ
hhu	っふ
ffa	っふぁ
ffi	っふぃ
ffe	っふぇ
ffo	っふぉ
bbu	っぶ
ppu	っぷ
hhe	っへ
bbe	っべ
ppe	っぺ
hho	っほ
bbo	っぼ
ppo	っぽ
mma	っま
mmi	っみ
mmyi	っみぃ
mmye	っみぇ
mmya	っみゃ
mmyu	っみゅ
mmyo	っみょ
mmu	っむ
mme	っめ
mmo	っも
xxya	っゃ
yya	っや
xxyi	っぃぃ
yyi	っいぃ
xxyu	っゅ
yyu	っゆ
xxye	っぃぇ
yye	っいぇ
xxyo	っょ
yyo	っよ
rra	っら
rri	っり
rryi	っりぃ
rrye	っりぇ
rrya	っりゃ
rryu	っりゅ
rryo	っりょ
rru	っる
rre	っれ
rro	っろ
xxwa	っゎ
wwa	っわ
wwi	っゐ
wwe	っゑ
wwo	っを
nka	んか
nga	んが
nki	んき
nkyi	んきぃ
nkye	んきぇ
nkya	んきゃ
nkyu	んきゅ
nkyo	んきょ
ngi	んぎ
ngyi	んぎぃ
ngye	んぎぇ
ngya	んぎゃ
ngyu	んぎゅ
ngyo	んぎょ
nku	んく
ngu	んぐ
nke	んけ
nge	んげ
nko	んこ
ngo	んご
nsa	んさ
nza	んざ
nshi	んし
nsi	んし
nsyi	んしぃ
nshe	んしぇ
nsye	んしぇ
nsha	んしゃ
nsya	んしゃ
nshu	んしゅ
nsyu	んしゅ
nsho	んしょ
nsyo	んしょ
nji	んじ
nzi	んじ
nzyi	んじぃ
nje	んじぇ
nzye	んじぇ
nja	んじゃ
nzya	んじゃ
nju	んじゅ
nzyu	んじゅ
njo	んじょ
nzyo	んじょ
nsu	んす
nzu	んず
nse	んせ
nze	んぜ
nso	んそ
nzo	んぞ
nta	んた
nda	んだ
nchi	んち
nti	んち
ntyi	んちぃ
nche	んちぇ
ntye	んちぇ
ncha	んちゃ
ntya	んちゃ
nchu	んちゅ
ntyu	んちゅ
ncho	んちょ
ntyo	んちょ
ndi	んぢ
ndyi	んぢぃ
ndye	んぢぇ
ndya	んぢゃ
ndyu	んぢゅ
ndyo	んぢょ
nq	んっ
nxtu	んっ
ntu	んつ
ntsa	んつぁ
ntsi	んつぃ
ntsu	んつ
ntse	んつぇ
ntso	んつぉ
ndu	んづ
ndza	んづぁ
ndzi	んづぃ
ndzu	んづ
ndze	んづぇ
ndzo	んづぉ
nte	んて
nthi	んてぃ
nthe	んてぇ
ntha	んてゃ
nthu	んてゅ
ntho	んてょ
nde	んで
ndhi	んでぃ
ndhe	んでぇ
ndha	んでゃ
ndhu	んでゅ
ndho	んでょ
nto	んと
ntwa	んとぁ
ntwi	んとぃ
ntwu	んとぅ
ntwe	んとぇ
ntwo	んとぉ
ndo	んど
ndwa	んどぁ
ndwi	んどぃ
ndwu	んどぅ
ndwe	んどぇ
ndwo	んどぉ
nha	んは
nba	んば
npa	んぱ
nhi	んひ
nhyi	んひぃ
nhye	んひぇ
nhya	んひゃ
nhyu	んひゅ
nhyo	んひょ
nbi	んび
nbyi	んびぃ
nbye	んびぇ
nbya	んびゃ
nbyu	んびゅ
nbyo	んびょ
npi	んぴ
npyi	んぴぃ
npye	んぴぇ
npya	んぴゃ
npyu	んぴゅ
npyo	んぴょ
nfu	んふ
nhu	んふ
nfa	んふぁ
nfi	んふぃ
nfe	んふぇ
nfo	んふぉ
nbu	んぶ
npu	んぷ
nhe	んへ
nbe	んべ
npe	んぺ
nho	んほ
nbo	んぼ
npo	んぽ
nma	んま
nmi	んみ
nmyi	んみぃ
nmye	んみぇ
nmya	んみゃ
nmyu	んみゅ
nmyo	んみょ
nmu	んむ
nme	んめ
nmo	んも
nra	んら
nri	んり
nryi	んりぃ
nrye	んりぇ
nrya	んりゃ
nryu	んりゅ
nryo	んりょ
nru	んる
nre	んれ
nro	んろ
nxwa	んゎ
nwa	んわ
nwi	んゐ
nwe	んゑ
nwo	んを
nl	んん
nvu	んゔ
nva	んゔぁ
nvi	んゔぃ
nve	んゔぇ
nvo	んゔぉ
nxka	んゕ
nxke	んゖ
