ka	ｶ
ga	ｶﾞ
ki	ｷ
kyi	ｷｨ
kye	ｷｪ
kya	ｷｬ
kyu	ｷｭ
kyo	ｷｮ
gi	ｷﾞ
gyi	ｷﾞｨ
gye	ｷﾞｪ
gya	ｷﾞｬ
gyu	ｷﾞｭ
gyo	ｷﾞｮ
ku	ｸ
gu	ｸﾞ
ke	ｹ
ge	ｹﾞ
ko	ｺ
go	ｺﾞ
sa	ｻ
za	ｻﾞ
shi	ｼ
si	ｼ
syi	ｼｨ
she	ｼｪ
sye	ｼｪ
sha	ｼｬ
sya	ｼｬ
shu	ｼｭ
syu	ｼｭ
sho	ｼｮ
syo	ｼｮ
ji	ｼﾞ
zi	ｼﾞ
zyi	ｼﾞｨ
je	ｼﾞｪ
zye	ｼﾞｪ
ja	ｼﾞｬ
zya	ｼﾞｬ
ju	ｼﾞｭ
zyu	ｼﾞｭ
jo	ｼﾞｮ
zyo	ｼﾞｮ
su	ｽ
zu	ｽﾞ
se	ｾ
ze	ｾﾞ
so	ｿ
zo	ｿﾞ
ta	ﾀ
da	ﾀﾞ
chi	ﾁ
ti	ﾁ
tyi	ﾁｨ
che	ﾁｪ
tye	ﾁｪ
cha	ﾁｬ
tya	ﾁｬ
chu	ﾁｭ
tyu	ﾁｭ
cho	ﾁｮ
tyo	ﾁｮ
di	ﾁﾞ
dyi	ﾁﾞｨ
dye	ﾁﾞｪ
dya	ﾁﾞｬ
dyu	ﾁﾞｭ
dyo	ﾁﾞｮ
q	ｯ
xtu	ｯ
tu	ﾂ
tsa	ﾂｧ
tsi	ﾂｨ
tsu	ﾂ
tse	ﾂｪ
tso	ﾂｫ
du	ﾂﾞ
dza	ﾂﾞｧ
dzi	ﾂﾞｨ
dzu	ﾂﾞ
dze	ﾂﾞｪ
dzo	ﾂﾞｫ
te	ﾃ
thi	ﾃｨ
the	ﾃｪ
tha	ﾃｬ
thu	ﾃｭ
tho	ﾃｮ
de	ﾃﾞ
dhi	ﾃﾞｨ
dhe	ﾃﾞｪ
dha	ﾃﾞｬ
dhu	ﾃﾞｭ
dho	ﾃﾞｮ
to	ﾄ
twa	ﾄｧ
twi	ﾄｨ
twu	ﾄｩ
twe	ﾄｪ
two	ﾄｫ
do	ﾄﾞ
dwa	ﾄﾞｧ
dwi	ﾄﾞｨ
dwu	ﾄﾞｩ
dwe	ﾄﾞｪ
dwo	ﾄﾞｫ
na	ﾅ
ni	ﾆ
nyi	ﾆｨ
nye	ﾆｪ
nya	ﾆｬ
nyu	ﾆｭ
nyo	ﾆｮ
nu	ﾇ
ne	ﾈ
no	ﾉ
ha	ﾊ
ba	ﾊﾞ
pa	ﾊﾟ
hi	ﾋ
hyi	ﾋｨ
hye	ﾋｪ
hya	ﾋｬ
hyu	ﾋｭ
hyo	ﾋｮ
bi	ﾋﾞ
byi	ﾋﾞｨ
bye	ﾋﾞｪ
bya	ﾋﾞｬ
byu	ﾋﾞｭ
byo	ﾋﾞｮ
pi	ﾋﾟ
pyi	ﾋﾟｨ
pye	ﾋﾟｪ
pya	ﾋﾟｬ
pyu	ﾋﾟｭ
pyo	ﾋﾟｮ
fu	ﾌ
hu	ﾌ
fa	ﾌｧ
fi	ﾌｨ
fe	ﾌｪ
fo	ﾌｫ
bu	ﾌﾞ
pu	ﾌﾟ
he	ﾍ
be	ﾍﾞ
pe	ﾍﾟ
ho	ﾎ
bo	ﾎﾞ
po	ﾎﾟ
ma	ﾏ
mi	ﾐ
myi	ﾐｨ
mye	ﾐｪ
mya	ﾐｬ
myu	ﾐｭ
myo	ﾐｮ
mu	ﾑ
me	ﾒ
mo	ﾓ
xya	ｬ
ya	ﾔ
xyi	ｨｨ
yi	ｲｨ
xyu	ｭ
yu	ﾕ
xye	ｨｪ
ye	ｲｪ
xyo	ｮ
yo	ﾖ
ra	ﾗ
ri	ﾘ
ryi	ﾘｨ
rye	ﾘｪ
rya	ﾘｬ
ryu	ﾘｭ
ryo	ﾘｮ
ru	ﾙ
re	ﾚ
ro	ﾛ
xwa	ﾜ
wa	ﾜ
wi	ｲ
we	ｴ
wo	ｦ
l	ﾝ
nn	ﾝ
xn	ﾝ
vu	ｳﾞ
va	ｳﾞｧ
vi	ｳﾞｨ
ve	ｳﾞｪ
vo	ｳﾞｫ
xka	ｶ
xke	ｹ
,	、
-	ｰ
.	。
/	／
[	「
\	￥
]	」
z1	○
z!	●
z2	▽
z@	▼
z3	△
z#	▲
z4	□
z$	■
z5	◇
z%	◆
z6	☆
z^	★
z7	◎
z&	£
z8	¢
z*	×
z9	♂
z(	【
z0	♀
z)	】
z-	〜
z_	∴
z=	≠
z+	±
z\	＼
z|	‖
z`	´
z~	¨
zq	《
zQ	〈
zw	》
zW	〉
zr	々
zR	仝
zt	〆
zT	§
zp	〒
zP	↑
z[	『
z{	〔
z]	』
z}	〕
zs	ヽ
zS	ヾ
zd	ヽ
zD	ヾ
zf	〃
zF	→
zg	‐
zG	—
zh	←
zj	↓
zk	↑
zl	→
z;	ﾞ
z:	ﾟ
z'	‘
z"	“
zx	:-
zX	:-)
zc	〇
zC	℃
zv	※
zV	÷
zb	°
zB	←
zn	′
zN	↓
zm	″
zM	〓
z,	‥
z<	≦
z.	…
z>	≧
z/	・
z?	∞
xa	ｧ
a	ｱ
xi	ｨ
i	ｲ
xu	ｩ
u	ｳ
whu	ｳ
wha	ｳｧ
whi	ｳｨ
whe	ｳｪ
who	ｳｫ
xe	ｪ
e	ｴ
xo	ｫ
o	ｵ
kka	ｯｶ
gga	ｯｶﾞ
kki	ｯｷ
kkyi	ｯｷｨ
kkye	ｯｷｪ
kkya	ｯｷｬ
kkyu	ｯｷｭ
kkyo	ｯｷｮ
ggi	ｯｷﾞ
ggyi	ｯｷﾞｨ
ggye	ｯｷﾞｪ
ggya	ｯｷﾞｬ
ggyu	ｯｷﾞｭ
ggyo	ｯｷﾞｮ
kku	ｯｸ
ggu	ｯｸﾞ
kke	ｯｹ
gge	ｯｹﾞ
kko	ｯｺ
ggo	ｯｺﾞ
ssa	ｯｻ
zza	ｯｻﾞ
sshi	ｯｼ
ssi	ｯｼ
ssyi	ｯｼｨ
sshe	ｯｼｪ
ssye	ｯｼｪ
ssha	ｯｼｬ
ssya	ｯｼｬ
sshu	ｯｼｭ
ssyu	ｯｼｭ
ssho	ｯｼｮ
ssyo	ｯｼｮ
jji	ｯｼﾞ
zzi	ｯｼﾞ
zzyi	ｯｼﾞｨ
jje	ｯｼﾞｪ
zzye	ｯｼﾞｪ
jja	ｯｼﾞｬ
zzya	ｯｼﾞｬ
jju	ｯｼﾞｭ
zzyu	ｯｼﾞｭ
jjo	ｯｼﾞｮ
zzyo	ｯｼﾞｮ
ssu	ｯｽ
zzu	ｯｽﾞ
sse	ｯｾ
zze	ｯｾﾞ
sso	ｯｿ
zzo	ｯｿﾞ
tta	ｯﾀ
dda	ｯﾀﾞ
cchi	ｯﾁ
tti	ｯﾁ
ttyi	ｯﾁｨ
cche	ｯﾁｪ
ttye	ｯﾁｪ
ccha	ｯﾁｬ
ttya	ｯﾁｬ
cchu	ｯﾁｭ
ttyu	ｯﾁｭ
ccho	ｯﾁｮ
ttyo	ｯﾁｮ
ddi	ｯﾁﾞ
ddyi	ｯﾁﾞｨ
ddye	ｯﾁﾞｪ
ddya	ｯﾁﾞｬ
ddyu	ｯﾁﾞｭ
ddyo	ｯﾁﾞｮ
qq	ｯｯ
xxtu	ｯｯ
ttu	ｯﾂ
ttsa	ｯﾂｧ
ttsi	ｯﾂｨ
ttsu	ｯﾂ
ttse	ｯﾂｪ
ttso	ｯﾂｫ
ddu	ｯﾂﾞ
ddza	ｯﾂﾞｧ
ddzi	ｯﾂﾞｨ
ddzu	ｯﾂﾞ
ddze	ｯﾂﾞｪ
ddzo	ｯﾂﾞｫ
tte	ｯﾃ
tthi	ｯﾃｨ
tthe	ｯﾃｪ
ttha	ｯﾃｬ
tthu	ｯﾃｭ
ttho	ｯﾃｮ
dde	ｯﾃﾞ
ddhi	ｯﾃﾞｨ
ddhe	ｯﾃﾞｪ
ddha	ｯﾃﾞｬ
ddhu	ｯﾃﾞｭ
ddho	ｯﾃﾞｮ
tto	ｯﾄ
ttwa	ｯﾄｧ
ttwi	ｯﾄｨ
ttwu	ｯﾄｩ
ttwe	ｯﾄｪ
ttwo	ｯﾄｫ
ddo	ｯﾄﾞ
ddwa	ｯﾄﾞｧ
ddwi	ｯﾄﾞｨ
ddwu	ｯﾄﾞｩ
ddwe	ｯﾄﾞｪ
ddwo	ｯﾄﾞｫ
hha	ｯﾊ
bba	ｯﾊﾞ
ppa	ｯﾊﾟ
hhi	ｯﾋ
hhyi	ｯﾋｨ
hhye	ｯﾋｪ
hhya	ｯﾋｬ
hhyu	ｯﾋｭ
hhyo	ｯﾋｮ
bbi	ｯﾋﾞ
bbyi	ｯﾋﾞｨ
bbye	ｯﾋﾞｪ
bbya	ｯﾋﾞｬ
bbyu	ｯﾋﾞｭ
bbyo	ｯﾋﾞｮ
ppi	ｯﾋﾟ
ppyi	ｯﾋﾟｨ
ppye	ｯﾋﾟｪ
ppya	ｯﾋﾟｬ
ppyu	ｯﾋﾟｭ
ppyo	ｯﾋﾟｮ
ffu	ｯﾌ
hhu	ｯﾌ
ffa	ｯﾌｧ
ffi	ｯﾌｨ
ffe	ｯﾌｪ
ffo	ｯﾌｫ
bbu	ｯﾌﾞ
ppu	ｯﾌﾟ
hhe	ｯﾍ
bbe	ｯﾍﾞ
ppe	ｯﾍﾟ
hho	ｯﾎ
bbo	ｯﾎﾞ
ppo	ｯﾎﾟ
mma	ｯﾏ
mmi	ｯﾐ
mmyi	ｯﾐｨ
mmye	ｯﾐｪ
mmya	ｯﾐｬ
mmyu	ｯﾐｭ
mmyo	ｯﾐｮ
mmu	ｯﾑ
mme	ｯﾒ
mmo	ｯﾓ
xxya	ｯｬ
yya	ｯﾔ
xxyi	ｯｨｨ
yyi	ｯｲｨ
xxyu	ｯｭ
yyu	ｯﾕ
xxye	ｯｨｪ
yye	ｯｲｪ
xxyo	ｯｮ
yyo	ｯﾖ
rra	ｯﾗ
rri	ｯﾘ
rryi	ｯﾘｨ
rrye	ｯﾘｪ
rrya	ｯﾘｬ
rryu	ｯﾘｭ
rryo	ｯﾘｮ
rru	ｯﾙ
rre	ｯﾚ
rro	ｯﾛ
xxwa	ｯﾜ
wwa	ｯﾜ
wwi	ｯｲ
wwe	ｯｴ
wwo	ｯｦ
nka	ﾝｶ
nga	ﾝｶﾞ
nki	ﾝｷ
nkyi	ﾝｷｨ
nkye	ﾝｷｪ
nkya	ﾝｷｬ
nkyu	ﾝｷｭ
nkyo	ﾝｷｮ
ngi	ﾝｷﾞ
ngyi	ﾝｷﾞｨ
ngye	ﾝｷﾞｪ
ngya	ﾝｷﾞｬ
ngyu	ﾝｷﾞｭ
ngyo	ﾝｷﾞｮ
nku	ﾝｸ
ngu	ﾝｸﾞ
nke	ﾝｹ
nge	ﾝｹﾞ
nko	ﾝｺ
ngo	ﾝｺﾞ
nsa	ﾝｻ
nza	ﾝｻﾞ
nshi	ﾝｼ
nsi	ﾝｼ
nsyi	ﾝｼｨ
nshe	ﾝｼｪ
nsye	ﾝｼｪ
nsha	ﾝｼｬ
nsya	ﾝｼｬ
nshu	ﾝｼｭ
nsyu	ﾝｼｭ
nsho	ﾝｼｮ
nsyo	ﾝｼｮ
nji	ﾝｼﾞ
nzi	ﾝｼﾞ
nzyi	ﾝｼﾞｨ
nje	ﾝｼﾞｪ
nzye	ﾝｼﾞｪ
nja	ﾝｼﾞｬ
nzya	ﾝｼﾞｬ
nju	ﾝｼﾞｭ
nzyu	ﾝｼﾞｭ
njo	ﾝｼﾞｮ
nzyo	ﾝｼﾞｮ
nsu	ﾝｽ
nzu	ﾝｽﾞ
nse	ﾝｾ
nze	ﾝｾﾞ
nso	ﾝｿ
nzo	ﾝｿﾞ
nta	ﾝﾀ
nda	ﾝﾀﾞ
nchi	ﾝﾁ
nti	ﾝﾁ
ntyi	ﾝﾁｨ
nche	ﾝﾁｪ
ntye	ﾝﾁｪ
ncha	ﾝﾁｬ
ntya	ﾝﾁｬ
nchu	ﾝﾁｭ
ntyu	ﾝﾁｭ
ncho	ﾝﾁｮ
ntyo	ﾝﾁｮ
ndi	ﾝﾁﾞ
ndyi	ﾝﾁﾞｨ
ndye	ﾝﾁﾞｪ
ndya	ﾝﾁﾞｬ
ndyu	ﾝﾁﾞｭ
ndyo	ﾝﾁﾞｮ
nq	ﾝｯ
nxtu	ﾝｯ
ntu	ﾝﾂ
ntsa	ﾝﾂｧ
ntsi	ﾝﾂｨ
ntsu	ﾝﾂ
ntse	ﾝﾂｪ
ntso	ﾝﾂｫ
ndu	ﾝﾂﾞ
ndza	ﾝﾂﾞｧ
ndzi	ﾝﾂﾞｨ
ndzu	ﾝﾂﾞ
ndze	ﾝﾂﾞｪ
ndzo	ﾝﾂﾞｫ
nte	ﾝﾃ
nthi	ﾝﾃｨ
nthe	ﾝﾃｪ
ntha	ﾝﾃｬ
nthu	ﾝﾃｭ
ntho	ﾝﾃｮ
nde	ﾝﾃﾞ
ndhi	ﾝﾃﾞｨ
ndhe	ﾝﾃﾞｪ
ndha	ﾝﾃﾞｬ
ndhu	ﾝﾃﾞｭ
ndho	ﾝﾃﾞｮ
nto	ﾝﾄ
ntwa	ﾝﾄｧ
ntwi	ﾝﾄｨ
ntwu	ﾝﾄｩ
ntwe	ﾝﾄｪ
ntwo	ﾝﾄｫ
ndo	ﾝﾄﾞ
ndwa	ﾝﾄﾞｧ
ndwi	ﾝﾄﾞｨ
ndwu	ﾝﾄﾞｩ
ndwe	ﾝﾄﾞｪ
ndwo	ﾝﾄﾞｫ
nha	ﾝﾊ
nba	ﾝﾊﾞ
npa	ﾝﾊﾟ
nhi	ﾝﾋ
nhyi	ﾝﾋｨ
nhye	ﾝﾋｪ
nhya	ﾝﾋｬ
nhyu	ﾝﾋｭ
nhyo	ﾝﾋｮ
nbi	ﾝﾋﾞ
nbyi	ﾝﾋﾞｨ
nbye	ﾝﾋﾞｪ
nbya	ﾝﾋﾞｬ
nbyu	ﾝﾋﾞｭ
nbyo	ﾝﾋﾞｮ
npi	ﾝﾋﾟ
npyi	ﾝﾋﾟｨ
npye	ﾝﾋﾟｪ
npya	ﾝﾋﾟｬ
npyu	ﾝﾋﾟｭ
npyo	ﾝﾋﾟｮ
nfu	ﾝﾌ
nhu	ﾝﾌ
nfa	ﾝﾌｧ
nfi	ﾝﾌｨ
nfe	ﾝﾌｪ
nfo	ﾝﾌｫ
nbu	ﾝﾌﾞ
npu	ﾝﾌﾟ
nhe	ﾝﾍ
nbe	ﾝﾍﾞ
npe	ﾝﾍﾟ
nho	ﾝﾎ
nbo	ﾝﾎﾞ
npo	ﾝﾎﾟ
nma	ﾝﾏ
nmi	ﾝﾐ
nmyi	ﾝﾐｨ
nmye	ﾝﾐｪ
nmya	ﾝﾐｬ
nmyu	ﾝﾐｭ
nmyo	ﾝﾐｮ
nmu	ﾝﾑ
nme	ﾝﾒ
nmo	ﾝﾓ
nra	ﾝﾗ
nri	ﾝﾘ
nryi	ﾝﾘｨ
nrye	ﾝﾘｪ
nrya	ﾝﾘｬ
nryu	ﾝﾘｭ
nryo	ﾝﾘｮ
nru	ﾝﾙ
nre	ﾝﾚ
nro	ﾝﾛ
nxwa	ﾝﾜ
nwa	ﾝﾜ
nwi	ﾝｲ
nwe	ﾝｴ
nwo	ﾝｦ
nl	ﾝﾝ
nvu	ﾝｳﾞ
nva	ﾝｳﾞｧ
nvi	ﾝｳﾞｨ
nve	ﾝｳﾞｪ
nvo	ﾝｳﾞｫ
nxka	ﾝｶ
nxke	ﾝｹ
