ka	カ
ga	ガ
ki	キ
kyi	キィ
kye	キェ
kya	キャ
kyu	キュ
kyo	キョ
gi	ギ
gyi	ギィ
gye	ギェ
gya	ギャ
gyu	ギュ
gyo	ギョ
ku	ク
gu	グ
ke	ケ
ge	ゲ
ko	コ
go	ゴ
sa	サ
za	ザ
shi	シ
si	シ
syi	シィ
she	シェ
sye	シェ
sha	シャ
sya	シャ
shu	シュ
syu	シュ
sho	ショ
syo	ショ
ji	ジ
zi	ジ
zyi	ジィ
je	ジェ
zye	ジェ
ja	ジャ
zya	ジャ
ju	ジュ
zyu	ジュ
jo	ジョ
zyo	ジョ
su	ス
zu	ズ
se	セ
ze	ゼ
so	ソ
zo	ゾ
ta	タ
da	ダ
chi	チ
ti	チ
tyi	チィ
che	チェ
tye	チェ
cha	チャ
tya	チャ
chu	チュ
tyu	チュ
cho	チョ
tyo	チョ
di	ヂ
dyi	ヂィ
dye	ヂェ
dya	ヂャ
dyu	ヂュ
dyo	ヂョ
q	ッ
xtu	ッ
tu	ツ
tsa	ツァ
tsi	ツィ
tsu	ツ
tse	ツェ
tso	ツォ
du	ヅ
dza	ヅァ
dzi	ヅィ
dzu	ヅ
dze	ヅェ
dzo	ヅォ
te	テ
thi	ティ
the	テェ
tha	テャ
thu	テュ
tho	テョ
de	デ
dhi	ディ
dhe	デェ
dha	デャ
dhu	デュ
dho	デョ
to	ト
twa	トァ
twi	トィ
twu	トゥ
twe	トェ
two	トォ
do	ド
dwa	ドァ
dwi	ドィ
dwu	ドゥ
dwe	ドェ
dwo	ドォ
na	ナ
ni	ニ
nyi	ニィ
nye	ニェ
nya	ニャ
nyu	ニュ
nyo	ニョ
nu	ヌ
ne	ネ
no	ノ
ha	ハ
ba	バ
pa	パ
hi	ヒ
hyi	ヒィ
hye	ヒェ
hya	ヒャ
hyu	ヒュ
hyo	ヒョ
bi	ビ
byi	ビィ
bye	ビェ
bya	ビャ
byu	ビュ
byo	ビョ
pi	ピ
pyi	ピィ
pye	ピェ
pya	ピャ
pyu	ピュ
pyo	ピョ
fu	フ
hu	フ
fa	ファ
fi	フィ
fe	フェ
fo	フォ
bu	ブ
pu	プ
he	ヘ
be	ベ
pe	ペ
ho	ホ
bo	ボ
po	ポ
ma	マ
mi	ミ
myi	ミィ
mye	ミェ
mya	ミャ
myu	ミュ
myo	ミョ
mu	ム
me	メ
mo	モ
xya	ャ
ya	ヤ
xyi	ィィ
yi	イィ
xyu	ュ
yu	ユ
xye	ィェ
ye	イェ
xyo	ョ
yo	ヨ
ra	ラ
ri	リ
ryi	リィ
rye	リェ
rya	リャ
ryu	リュ
ryo	リョ
ru	ル
re	レ
ro	ロ
xwa	ヮ
wa	ワ
wi	ヰ
we	ヱ
wo	ヲ
l	ン
nn	ン
xn	ン
vu	ヴ
va	ヴァ
vi	ヴィ
ve	ヴェ
vo	ヴォ
xka	ヵ
xke	ヶ
,	、
-	ー
.	。
/	／
[	「
\	￥
]	」
z1	○
z!	●
z2	▽
z@	▼
z3	△
z#	▲
z4	□
z$	■
z5	◇
z%	◆
z6	☆
z^	★
z7	◎
z&	£
z8	¢
z*	×
z9	♂
z(	【
z0	♀
z)	】
z-	〜
z_	∴
z=	≠
z+	±
z\	＼
z|	‖
z`	´
z~	¨
zq	《
zQ	〈
zw	》
zW	〉
zr	々
zR	仝
zt	〆
zT	§
zp	〒
zP	↑
z[	『
z{	〔
z]	』
z}	〕
zs	ヽ
zS	ヾ
zd	ヽ
zD	ヾ
zf	〃
zF	→
zg	‐
zG	—
zh	←
zj	↓
zk	↑
zl	→
z;	゛
z:	゜
z'	‘
z"	“
zx	:-
zX	:-)
zc	〇
zC	℃
zv	※
zV	÷
zb	°
zB	←
zn	′
zN	↓
zm	″
zM	〓
z,	‥
z<	≦
z.	…
z>	≧
z/	・
z?	∞
xa	ァ
a	ア
xi	ィ
i	イ
xu	ゥ
u	ウ
whu	ウ
wha	ウァ
whi	ウィ
whe	ウェ
who	ウォ
xe	ェ
e	エ
xo	ォ
o	オ
kka	ッカ
gga	ッガ
kki	ッキ
kkyi	ッキィ
kkye	ッキェ
kkya	ッキャ
kkyu	ッキュ
kkyo	ッキョ
ggi	ッギ
ggyi	ッギィ
ggye	ッギェ
ggya	ッギャ
ggyu	ッギュ
ggyo	ッギョ
kku	ック
ggu	ッグ
kke	ッケ
gge	ッゲ
kko	ッコ
ggo	ッゴ
ssa	ッサ
zza	ッザ
sshi	ッシ
ssi	ッシ
ssyi	ッシィ
sshe	ッシェ
ssye	ッシェ
ssha	ッシャ
ssya	ッシャ
sshu	ッシュ
ssyu	ッシュ
ssho	ッショ
ssyo	ッショ
jji	ッジ
zzi	ッジ
zzyi	ッジィ
jje	ッジェ
zzye	ッジェ
jja	ッジャ
zzya	ッジャ
jju	ッジュ
zzyu	ッジュ
jjo	ッジョ
zzyo	ッジョ
ssu	ッス
zzu	ッズ
sse	ッセ
zze	ッゼ
sso	ッソ
zzo	ッゾ
tta	ッタ
dda	ッダ
cchi	ッチ
tti	ッチ
ttyi	ッチィ
cche	ッチェ
ttye	ッチェ
ccha	ッチャ
ttya	ッチャ
cchu	ッチュ
ttyu	ッチュ
ccho	ッチョ
ttyo	ッチョ
ddi	ッヂ
ddyi	ッヂィ
ddye	ッヂェ
ddya	ッヂャ
ddyu	ッヂュ
ddyo	ッヂョ
qq	ッッ
xxtu	ッッ
ttu	ッツ
ttsa	ッツァ
ttsi	ッツィ
ttsu	ッツ
ttse	ッツェ
ttso	ッツォ
ddu	ッヅ
ddza	ッヅァ
ddzi	ッヅィ
ddzu	ッヅ
ddze	ッヅェ
ddzo	ッヅォ
tte	ッテ
tthi	ッティ
tthe	ッテェ
ttha	ッテャ
tthu	ッテュ
ttho	ッテョ
dde	ッデ
ddhi	ッディ
ddhe	ッデェ
ddha	ッデャ
ddhu	ッデュ
ddho	ッデョ
tto	ット
ttwa	ットァ
ttwi	ットィ
ttwu	ットゥ
ttwe	ットェ
ttwo	ットォ
ddo	ッド
ddwa	ッドァ
ddwi	ッドィ
ddwu	ッドゥ
ddwe	ッドェ
ddwo	ッドォ
hha	ッハ
bba	ッバ
ppa	ッパ
hhi	ッヒ
hhyi	ッヒィ
hhye	ッヒェ
hhya	ッヒャ
hhyu	ッヒュ
hhyo	ッヒョ
bbi	ッビ
bbyi	ッビィ
bbye	ッビェ
bbya	ッビャ
bbyu	ッビュ
bbyo	ッビョ
ppi	ッピ
ppyi	ッピィ
ppye	ッピェ
ppya	ッピャ
ppyu	ッピュ
ppyo	ッピョ
ffu	ッフ
hhu	ッフ
ffa	ッファ
ffi	ッフィ
ffe	ッフェ
ffo	ッフォ
bbu	ッブ
ppu	ップ
hhe	ッヘ
bbe	ッベ
ppe	ッペ
hho	ッホ
bbo	ッボ
ppo	ッポ
mma	ッマ
mmi	ッミ
mmyi	ッミィ
mmye	ッミェ
mmya	ッミャ
mmyu	ッミュ
mmyo	ッミョ
mmu	ッム
mme	ッメ
mmo	ッモ
xxya	ッャ
yya	ッヤ
xxyi	ッィィ
yyi	ッイィ
xxyu	ッュ
yyu	ッユ
xxye	ッィェ
yye	ッイェ
xxyo	ッョ
yyo	ッヨ
rra	ッラ
rri	ッリ
rryi	ッリィ
rrye	ッリェ
rrya	ッリャ
rryu	ッリュ
rryo	ッリョ
rru	ッル
rre	ッレ
rro	ッロ
xxwa	ッヮ
wwa	ッワ
wwi	ッヰ
wwe	ッヱ
wwo	ッヲ
nka	ンカ
nga	ンガ
nki	ンキ
nkyi	ンキィ
nkye	ンキェ
nkya	ンキャ
nkyu	ンキュ
nkyo	ンキョ
ngi	ンギ
ngyi	ンギィ
ngye	ンギェ
ngya	ンギャ
ngyu	ンギュ
ngyo	ンギョ
nku	ンク
ngu	ング
nke	ンケ
nge	ンゲ
nko	ンコ
ngo	ンゴ
nsa	ンサ
nza	ンザ
nshi	ンシ
nsi	ンシ
nsyi	ンシィ
nshe	ンシェ
nsye	ンシェ
nsha	ンシャ
nsya	ンシャ
nshu	ンシュ
nsyu	ンシュ
nsho	ンショ
nsyo	ンショ
nji	ンジ
nzi	ンジ
nzyi	ンジィ
nje	ンジェ
nzye	ンジェ
nja	ンジャ
nzya	ンジャ
nju	ンジュ
nzyu	ンジュ
njo	ンジョ
nzyo	ンジョ
nsu	ンス
nzu	ンズ
nse	ンセ
nze	ンゼ
nso	ンソ
nzo	ンゾ
nta	ンタ
nda	ンダ
nchi	ンチ
nti	ンチ
ntyi	ンチィ
nche	ンチェ
ntye	ンチェ
ncha	ンチャ
ntya	ンチャ
nchu	ンチュ
ntyu	ンチュ
ncho	ンチョ
ntyo	ンチョ
ndi	ンヂ
ndyi	ンヂィ
ndye	ンヂェ
ndya	ンヂャ
ndyu	ンヂュ
ndyo	ンヂョ
nq	ンッ
nxtu	ンッ
ntu	ンツ
ntsa	ンツァ
ntsi	ンツィ
ntsu	ンツ
ntse	ンツェ
ntso	ンツォ
ndu	ンヅ
ndza	ンヅァ
ndzi	ンヅィ
ndzu	ンヅ
ndze	ンヅェ
ndzo	ンヅォ
nte	ンテ
nthi	ンティ
nthe	ンテェ
ntha	ンテャ
nthu	ンテュ
ntho	ンテョ
nde	ンデ
ndhi	ンディ
ndhe	ンデェ
ndha	ンデャ
ndhu	ンデュ
ndho	ンデョ
nto	ント
ntwa	ントァ
ntwi	ントィ
ntwu	ントゥ
ntwe	ントェ
ntwo	ントォ
ndo	ンド
ndwa	ンドァ
ndwi	ンドィ
ndwu	ンドゥ
ndwe	ンドェ
ndwo	ンドォ
nha	ンハ
nba	ンバ
npa	ンパ
nhi	ンヒ
nhyi	ンヒィ
nhye	ンヒェ
nhya	ンヒャ
nhyu	ンヒュ
nhyo	ンヒョ
nbi	ンビ
nbyi	ンビィ
nbye	ンビェ
nbya	ンビャ
nbyu	ンビュ
nbyo	ンビョ
npi	ンピ
npyi	ンピィ
npye	ンピェ
npya	ンピャ
npyu	ンピュ
npyo	ンピョ
nfu	ンフ
nhu	ンフ
nfa	ンファ
nfi	ンフィ
nfe	ンフェ
nfo	ンフォ
nbu	ンブ
npu	ンプ
nhe	ンヘ
nbe	ンベ
npe	ンペ
nho	ンホ
nbo	ンボ
npo	ンポ
nma	ンマ
nmi	ンミ
nmyi	ンミィ
nmye	ンミェ
nmya	ンミャ
nmyu	ンミュ
nmyo	ンミョ
nmu	ンム
nme	ンメ
nmo	ンモ
nra	ンラ
nri	ンリ
nryi	ンリィ
nrye	ンリェ
nrya	ンリャ
nryu	ンリュ
nryo	ンリョ
nru	ンル
nre	ンレ
nro	ンロ
nxwa	ンヮ
nwa	ンワ
nwi	ンヰ
nwe	ンヱ
nwo	ンヲ
nl	ンン
nvu	ンヴ
nva	ンヴァ
nvi	ンヴィ
nve	ンヴェ
nvo	ンヴォ
nxka	ンヵ
nxke	ンヶ
